=== RUN   TestIssue2ResidualR101AcceptedQuery4xx
=== RUN   TestIssue2ResidualR101AcceptedQuery4xx/400
=== RUN   TestIssue2ResidualR101AcceptedQuery4xx/401
=== RUN   TestIssue2ResidualR101AcceptedQuery4xx/403
=== RUN   TestIssue2ResidualR101AcceptedQuery4xx/404
--- PASS: TestIssue2ResidualR101AcceptedQuery4xx (0.05s)
    --- PASS: TestIssue2ResidualR101AcceptedQuery4xx/400 (0.02s)
    --- PASS: TestIssue2ResidualR101AcceptedQuery4xx/401 (0.01s)
    --- PASS: TestIssue2ResidualR101AcceptedQuery4xx/403 (0.01s)
    --- PASS: TestIssue2ResidualR101AcceptedQuery4xx/404 (0.01s)
=== RUN   TestIssue2ResidualR102UnknownObservationRebuildAndLateResult
=== RUN   TestIssue2ResidualR102UnknownObservationRebuildAndLateResult/timeout
=== RUN   TestIssue2ResidualR102UnknownObservationRebuildAndLateResult/server_error
--- PASS: TestIssue2ResidualR102UnknownObservationRebuildAndLateResult (0.03s)
    --- PASS: TestIssue2ResidualR102UnknownObservationRebuildAndLateResult/timeout (0.02s)
    --- PASS: TestIssue2ResidualR102UnknownObservationRebuildAndLateResult/server_error (0.01s)
=== RUN   TestIssue2ResidualR103SubmissionRejectionVersusLostResponse
=== RUN   TestIssue2ResidualR103SubmissionRejectionVersusLostResponse/rejected_empty
=== RUN   TestIssue2ResidualR103SubmissionRejectionVersusLostResponse/rejected_new_draft
=== RUN   TestIssue2ResidualR103SubmissionRejectionVersusLostResponse/lost
--- PASS: TestIssue2ResidualR103SubmissionRejectionVersusLostResponse (0.03s)
    --- PASS: TestIssue2ResidualR103SubmissionRejectionVersusLostResponse/rejected_empty (0.01s)
    --- PASS: TestIssue2ResidualR103SubmissionRejectionVersusLostResponse/rejected_new_draft (0.01s)
    --- PASS: TestIssue2ResidualR103SubmissionRejectionVersusLostResponse/lost (0.01s)
=== RUN   TestIssue2ResidualR201PanelRefreshKeepsSecondPage
=== RUN   TestIssue2ResidualR201PanelRefreshKeepsSecondPage/tasks
=== RUN   TestIssue2ResidualR201PanelRefreshKeepsSecondPage/jobs
=== RUN   TestIssue2ResidualR201PanelRefreshKeepsSecondPage/items
=== RUN   TestIssue2ResidualR201PanelRefreshKeepsSecondPage/notifications
--- PASS: TestIssue2ResidualR201PanelRefreshKeepsSecondPage (0.04s)
    --- PASS: TestIssue2ResidualR201PanelRefreshKeepsSecondPage/tasks (0.01s)
    --- PASS: TestIssue2ResidualR201PanelRefreshKeepsSecondPage/jobs (0.01s)
    --- PASS: TestIssue2ResidualR201PanelRefreshKeepsSecondPage/items (0.01s)
    --- PASS: TestIssue2ResidualR201PanelRefreshKeepsSecondPage/notifications (0.01s)
=== RUN   TestIssue2ResidualR202PanelResponsesIgnoreOldScope
=== RUN   TestIssue2ResidualR202PanelResponsesIgnoreOldScope/tasks
=== RUN   TestIssue2ResidualR202PanelResponsesIgnoreOldScope/jobs
=== RUN   TestIssue2ResidualR202PanelResponsesIgnoreOldScope/items
=== RUN   TestIssue2ResidualR202PanelResponsesIgnoreOldScope/notifications
--- PASS: TestIssue2ResidualR202PanelResponsesIgnoreOldScope (0.05s)
    --- PASS: TestIssue2ResidualR202PanelResponsesIgnoreOldScope/tasks (0.01s)
    --- PASS: TestIssue2ResidualR202PanelResponsesIgnoreOldScope/jobs (0.01s)
    --- PASS: TestIssue2ResidualR202PanelResponsesIgnoreOldScope/items (0.01s)
    --- PASS: TestIssue2ResidualR202PanelResponsesIgnoreOldScope/notifications (0.01s)
=== RUN   TestIssue2ResidualR203RefreshVersionConfirmationAndRemovedTarget
=== RUN   TestIssue2ResidualR203RefreshVersionConfirmationAndRemovedTarget/tasks
=== RUN   TestIssue2ResidualR203RefreshVersionConfirmationAndRemovedTarget/jobs
=== RUN   TestIssue2ResidualR203RefreshVersionConfirmationAndRemovedTarget/items
=== RUN   TestIssue2ResidualR203RefreshVersionConfirmationAndRemovedTarget/notifications
--- PASS: TestIssue2ResidualR203RefreshVersionConfirmationAndRemovedTarget (0.03s)
    --- PASS: TestIssue2ResidualR203RefreshVersionConfirmationAndRemovedTarget/tasks (0.01s)
    --- PASS: TestIssue2ResidualR203RefreshVersionConfirmationAndRemovedTarget/jobs (0.01s)
    --- PASS: TestIssue2ResidualR203RefreshVersionConfirmationAndRemovedTarget/items (0.01s)
    --- PASS: TestIssue2ResidualR203RefreshVersionConfirmationAndRemovedTarget/notifications (0.01s)
=== RUN   TestIssue2ResidualR203ItemsInvalidatedCursorKeepsExplicitNavigation
--- PASS: TestIssue2ResidualR203ItemsInvalidatedCursorKeepsExplicitNavigation (0.01s)
=== RUN   TestIssue2ResidualR103AmbiguousSubmissionCodesAndUnexpectedSuccess
=== RUN   TestIssue2ResidualR103AmbiguousSubmissionCodesAndUnexpectedSuccess/IDEMPOTENCY_CONFLICT
=== RUN   TestIssue2ResidualR103AmbiguousSubmissionCodesAndUnexpectedSuccess/REQUEST_REJECTED
=== RUN   TestIssue2ResidualR103AmbiguousSubmissionCodesAndUnexpectedSuccess/BUDGET_EXHAUSTED
=== RUN   TestIssue2ResidualR103AmbiguousSubmissionCodesAndUnexpectedSuccess/CONTEXT_REQUIRED_OVERFLOW
=== RUN   TestIssue2ResidualR103AmbiguousSubmissionCodesAndUnexpectedSuccess/unexpected_200
=== RUN   TestIssue2ResidualR103AmbiguousSubmissionCodesAndUnexpectedSuccess/bad_202_receipt
--- PASS: TestIssue2ResidualR103AmbiguousSubmissionCodesAndUnexpectedSuccess (0.05s)
    --- PASS: TestIssue2ResidualR103AmbiguousSubmissionCodesAndUnexpectedSuccess/IDEMPOTENCY_CONFLICT (0.01s)
    --- PASS: TestIssue2ResidualR103AmbiguousSubmissionCodesAndUnexpectedSuccess/REQUEST_REJECTED (0.01s)
    --- PASS: TestIssue2ResidualR103AmbiguousSubmissionCodesAndUnexpectedSuccess/BUDGET_EXHAUSTED (0.01s)
    --- PASS: TestIssue2ResidualR103AmbiguousSubmissionCodesAndUnexpectedSuccess/CONTEXT_REQUIRED_OVERFLOW (0.01s)
    --- PASS: TestIssue2ResidualR103AmbiguousSubmissionCodesAndUnexpectedSuccess/unexpected_200 (0.01s)
    --- PASS: TestIssue2ResidualR103AmbiguousSubmissionCodesAndUnexpectedSuccess/bad_202_receipt (0.01s)
=== RUN   TestIssue2ResidualR203ItemsStaleTicksAndMissingTarget
--- PASS: TestIssue2ResidualR203ItemsStaleTicksAndMissingTarget (0.01s)
=== RUN   TestIssue2ResidualR202AppendWithoutNewIDsStopsNavigation
=== RUN   TestIssue2ResidualR202AppendWithoutNewIDsStopsNavigation/tasks
=== RUN   TestIssue2ResidualR202AppendWithoutNewIDsStopsNavigation/jobs
=== RUN   TestIssue2ResidualR202AppendWithoutNewIDsStopsNavigation/items
=== RUN   TestIssue2ResidualR202AppendWithoutNewIDsStopsNavigation/notifications
--- PASS: TestIssue2ResidualR202AppendWithoutNewIDsStopsNavigation (0.04s)
    --- PASS: TestIssue2ResidualR202AppendWithoutNewIDsStopsNavigation/tasks (0.01s)
    --- PASS: TestIssue2ResidualR202AppendWithoutNewIDsStopsNavigation/jobs (0.01s)
    --- PASS: TestIssue2ResidualR202AppendWithoutNewIDsStopsNavigation/items (0.01s)
    --- PASS: TestIssue2ResidualR202AppendWithoutNewIDsStopsNavigation/notifications (0.01s)
=== RUN   TestIssue2ResidualR203ResetFailureRetainsSelectionIntent
=== RUN   TestIssue2ResidualR203ResetFailureRetainsSelectionIntent/25
=== RUN   TestIssue2ResidualR203ResetFailureRetainsSelectionIntent/75
--- PASS: TestIssue2ResidualR203ResetFailureRetainsSelectionIntent (0.02s)
    --- PASS: TestIssue2ResidualR203ResetFailureRetainsSelectionIntent/25 (0.01s)
    --- PASS: TestIssue2ResidualR203ResetFailureRetainsSelectionIntent/75 (0.01s)
PASS
ok  	secretarysimplified/cli/tui	2.177s
